// Jest Snapshot v1, https://goo.gl/fbAQLP

exports[`Existential * 1`] = `
"FROM:
type Test = Type<*>

--------------------------------------------------------
TO:
'use strict';

var _flowtypeHelpers = _interopRequireDefault(
  require('@manta-style/flowtype-helpers'),
);

var _runtime = _interopRequireDefault(require('@manta-style/runtime'));

function _interopRequireDefault(obj) {
  return obj && obj.__esModule ? obj : { default: obj };
}

var Test = _runtime.default.TypeAliasDeclaration(
  'Test',
  function(typeFactory) {
    var type = Type.argumentTypes([_runtime.default.ExistentialKeyword]);
    return type;
  },
  _runtime.default.MantaAnnotation(undefined),
);
"
`;
