// Jest Snapshot v1, https://goo.gl/fbAQLP

exports[`Keywords AnyKeyword 1`] = `
"FROM:
type Test = any;

--------------------------------------------------------
TO:
'use strict';

var _flowtypeHelpers = _interopRequireDefault(
  require('@manta-style/flowtype-helpers'),
);

var _runtime = _interopRequireDefault(require('@manta-style/runtime'));

function _interopRequireDefault(obj) {
  return obj && obj.__esModule ? obj : { default: obj };
}

var Test = _runtime.default.TypeAliasDeclaration(
  'Test',
  function(typeFactory) {
    var type = _runtime.default.AnyKeyword;
    return type;
  },
  _runtime.default.MantaAnnotation(undefined),
);
"
`;

exports[`Keywords BooleanKeyword 1`] = `
"FROM:
type Test = boolean;

--------------------------------------------------------
TO:
'use strict';

var _flowtypeHelpers = _interopRequireDefault(
  require('@manta-style/flowtype-helpers'),
);

var _runtime = _interopRequireDefault(require('@manta-style/runtime'));

function _interopRequireDefault(obj) {
  return obj && obj.__esModule ? obj : { default: obj };
}

var Test = _runtime.default.TypeAliasDeclaration(
  'Test',
  function(typeFactory) {
    var type = _runtime.default.BooleanKeyword;
    return type;
  },
  _runtime.default.MantaAnnotation(undefined),
);
"
`;

exports[`Keywords EmptyKeyword 1`] = `
"FROM:
type Test = empty;

--------------------------------------------------------
TO:
'use strict';

var _flowtypeHelpers = _interopRequireDefault(
  require('@manta-style/flowtype-helpers'),
);

var _runtime = _interopRequireDefault(require('@manta-style/runtime'));

function _interopRequireDefault(obj) {
  return obj && obj.__esModule ? obj : { default: obj };
}

var Test = _runtime.default.TypeAliasDeclaration(
  'Test',
  function(typeFactory) {
    var type = _runtime.default.NeverKeyword;
    return type;
  },
  _runtime.default.MantaAnnotation(undefined),
);
"
`;

exports[`Keywords NeverKeyword 1`] = `
"FROM:
type Test = void;

--------------------------------------------------------
TO:
'use strict';

var _flowtypeHelpers = _interopRequireDefault(
  require('@manta-style/flowtype-helpers'),
);

var _runtime = _interopRequireDefault(require('@manta-style/runtime'));

function _interopRequireDefault(obj) {
  return obj && obj.__esModule ? obj : { default: obj };
}

var Test = _runtime.default.TypeAliasDeclaration(
  'Test',
  function(typeFactory) {
    var type = _runtime.default.UndefinedKeyword;
    return type;
  },
  _runtime.default.MantaAnnotation(undefined),
);
"
`;

exports[`Keywords NullKeyword 1`] = `
"FROM:
type Test = null;

--------------------------------------------------------
TO:
'use strict';

var _flowtypeHelpers = _interopRequireDefault(
  require('@manta-style/flowtype-helpers'),
);

var _runtime = _interopRequireDefault(require('@manta-style/runtime'));

function _interopRequireDefault(obj) {
  return obj && obj.__esModule ? obj : { default: obj };
}

var Test = _runtime.default.TypeAliasDeclaration(
  'Test',
  function(typeFactory) {
    var type = _runtime.default.NullKeyword;
    return type;
  },
  _runtime.default.MantaAnnotation(undefined),
);
"
`;

exports[`Keywords NumberKeyword 1`] = `
"FROM:
type Test = number;

--------------------------------------------------------
TO:
'use strict';

var _flowtypeHelpers = _interopRequireDefault(
  require('@manta-style/flowtype-helpers'),
);

var _runtime = _interopRequireDefault(require('@manta-style/runtime'));

function _interopRequireDefault(obj) {
  return obj && obj.__esModule ? obj : { default: obj };
}

var Test = _runtime.default.TypeAliasDeclaration(
  'Test',
  function(typeFactory) {
    var type = _runtime.default.NumberKeyword;
    return type;
  },
  _runtime.default.MantaAnnotation(undefined),
);
"
`;

exports[`Keywords ObjectKeyword 1`] = `
"FROM:
type Test = Object;

--------------------------------------------------------
TO:
'use strict';

var _flowtypeHelpers = _interopRequireDefault(
  require('@manta-style/flowtype-helpers'),
);

var _runtime = _interopRequireDefault(require('@manta-style/runtime'));

function _interopRequireDefault(obj) {
  return obj && obj.__esModule ? obj : { default: obj };
}

var Test = _runtime.default.TypeAliasDeclaration(
  'Test',
  function(typeFactory) {
    var type = _runtime.default.ObjectKeyword;
    return type;
  },
  _runtime.default.MantaAnnotation(undefined),
);
"
`;

exports[`Keywords StringKeyword 1`] = `
"FROM:
type Test = string;

--------------------------------------------------------
TO:
'use strict';

var _flowtypeHelpers = _interopRequireDefault(
  require('@manta-style/flowtype-helpers'),
);

var _runtime = _interopRequireDefault(require('@manta-style/runtime'));

function _interopRequireDefault(obj) {
  return obj && obj.__esModule ? obj : { default: obj };
}

var Test = _runtime.default.TypeAliasDeclaration(
  'Test',
  function(typeFactory) {
    var type = _runtime.default.StringKeyword;
    return type;
  },
  _runtime.default.MantaAnnotation(undefined),
);
"
`;

exports[`Keywords UndefinedKeyword 1`] = `
"FROM:
type Test = undefined;

--------------------------------------------------------
TO:
'use strict';

var _flowtypeHelpers = _interopRequireDefault(
  require('@manta-style/flowtype-helpers'),
);

var _runtime = _interopRequireDefault(require('@manta-style/runtime'));

function _interopRequireDefault(obj) {
  return obj && obj.__esModule ? obj : { default: obj };
}

var Test = _runtime.default.TypeAliasDeclaration(
  'Test',
  function(typeFactory) {
    var type = _runtime.default.UndefinedKeyword;
    return type;
  },
  _runtime.default.MantaAnnotation(undefined),
);
"
`;
