// Jest Snapshot v1, https://goo.gl/fbAQLP

exports[`Shape Shape 1`] = `
"FROM:
type A = {a: string, b: number}; type B = $Shape<A>

--------------------------------------------------------
TO:
'use strict';

var _flowtypeHelpers = _interopRequireDefault(
  require('@manta-style/flowtype-helpers'),
);

var _runtime = _interopRequireDefault(require('@manta-style/runtime'));

function _interopRequireDefault(obj) {
  return obj && obj.__esModule ? obj : { default: obj };
}

var A = _runtime.default.TypeAliasDeclaration(
  'A',
  function(typeFactory) {
    var type = _runtime.default.TypeLiteral(function(typeLiteral) {
      typeLiteral.property(
        'a',
        _runtime.default.StringKeyword,
        false,
        _runtime.default.MantaAnnotation(''),
      );
      typeLiteral.property(
        'b',
        _runtime.default.NumberKeyword,
        false,
        _runtime.default.MantaAnnotation(''),
      );
    });

    return type;
  },
  _runtime.default.MantaAnnotation(''),
);

var B = _runtime.default.TypeAliasDeclaration(
  'B',
  function(typeFactory) {
    var type = _flowtypeHelpers.default.$Shape.argumentTypes([A]);

    return type;
  },
  _runtime.default.MantaAnnotation(''),
);
"
`;
