// Jest Snapshot v1, https://goo.gl/fbAQLP

exports[`Array Array keyword form 1`] = `
"FROM:
type Test = Array<string>;

--------------------------------------------------------
TO:
'use strict';
exports.__esModule = true;
var runtime_1 = require('@manta-style/runtime');
var MantaStyleHelper = require('@manta-style/typescript-helpers');
var Test = runtime_1['default'].TypeAliasDeclaration(
  'Test',
  function(typeFactory) {
    var type = MantaStyleHelper.Array.argumentTypes([
      runtime_1['default'].StringKeyword,
    ]);
    return type;
  },
  runtime_1['default'].MantaAnnotation('undefined'),
);
"
`;

exports[`Array Array keyword form 2`] = `
"FROM:
type Test = Array<number | string>;

--------------------------------------------------------
TO:
'use strict';
exports.__esModule = true;
var runtime_1 = require('@manta-style/runtime');
var MantaStyleHelper = require('@manta-style/typescript-helpers');
var Test = runtime_1['default'].TypeAliasDeclaration(
  'Test',
  function(typeFactory) {
    var type = MantaStyleHelper.Array.argumentTypes([
      runtime_1['default'].UnionType([
        runtime_1['default'].NumberKeyword,
        runtime_1['default'].StringKeyword,
      ]),
    ]);
    return type;
  },
  runtime_1['default'].MantaAnnotation('undefined'),
);
"
`;

exports[`Array Array keyword form 3`] = `
"FROM:
type Test<T> = Array<T>;

--------------------------------------------------------
TO:
'use strict';
exports.__esModule = true;
var runtime_1 = require('@manta-style/runtime');
var MantaStyleHelper = require('@manta-style/typescript-helpers');
var Test = runtime_1['default'].TypeAliasDeclaration(
  'Test',
  function(typeFactory) {
    var T = typeFactory.TypeParameter('T');
    var type = MantaStyleHelper.Array.argumentTypes([T]);
    return type;
  },
  runtime_1['default'].MantaAnnotation('undefined'),
);
"
`;

exports[`Array Bracket form 1`] = `
"FROM:
type Test = string[]

--------------------------------------------------------
TO:
'use strict';
exports.__esModule = true;
var runtime_1 = require('@manta-style/runtime');
var Test = runtime_1['default'].TypeAliasDeclaration(
  'Test',
  function(typeFactory) {
    var type = runtime_1['default'].ArrayType(
      runtime_1['default'].StringKeyword,
    );
    return type;
  },
  runtime_1['default'].MantaAnnotation('undefined'),
);
"
`;

exports[`Array Bracket form 2`] = `
"FROM:
type Test = (number | string)[]

--------------------------------------------------------
TO:
'use strict';
exports.__esModule = true;
var runtime_1 = require('@manta-style/runtime');
var Test = runtime_1['default'].TypeAliasDeclaration(
  'Test',
  function(typeFactory) {
    var type = runtime_1['default'].ArrayType(
      runtime_1['default'].ParenthesizedType(
        runtime_1['default'].UnionType([
          runtime_1['default'].NumberKeyword,
          runtime_1['default'].StringKeyword,
        ]),
      ),
    );
    return type;
  },
  runtime_1['default'].MantaAnnotation('undefined'),
);
"
`;
