// Jest Snapshot v1, https://goo.gl/fbAQLP

exports[`Type Literal Basic properties 1`] = `
"import MantaStyle from \\"@manta-style/runtime\\";
import \\"@manta-style/typescript-helpers\\";
const Test = function () { return MantaStyle.TypeAliasDeclaration(\\"Test\\", typeFactory => {
    const type = MantaStyle.TypeLiteral(typeLiteral => {
        typeLiteral.property(\\"a\\", MantaStyle.NumberKeyword, false, []);
        typeLiteral.property(\\"b\\", MantaStyle.Literal(1), false, []);
        typeLiteral.property(\\"c\\", MantaStyle.StringKeyword, true, []);
        typeLiteral.property(\\"d\\", MantaStyle.ArrayType(MantaStyle.StringKeyword), false, []);
    });
    return type;
}, []); };
MantaStyle.registerType(\\"Test\\", Test)
"
`;
